CRESTCREATES_DURABLE_CONTROL_PLANE_WORKFLOW_CAPABILITY_OK
CRESTCREATES_DURABLE_CONTROL_PLANE_WORKFLOW_HUMAN_TASK_OK
CRESTCREATES_DURABLE_CONTROL_PLANE_WORKFLOW_SUBWORKFLOW_OK
CRESTCREATES_DURABLE_REFERENCE_ORGANIZATION_OK
CRESTCREATES_DURABLE_REFERENCE_DATA_PERMISSION_OK
CRESTCREATES_DURABLE_CONTROL_PLANE_REFERENCE_DATA_OK
CRESTCREATES_VERSIONED_ORGANIZATION_CACHE_OK
PHASE9C_POSTGRES_OUTBOX_AOT_OK
PHASE9B_POSTGRES_SUSPENSION_OK
PHASE9B_POSTGRES_STATE_OK
PHASE9B_POSTGRES_PIN_RECOVERY_OK
PHASE9B_POSTGRES_AUDIT_RETRY_OK
PHASE9C_POSTGRES_HUMANTASK_DISPATCH_AOT_OK
CRESTCREATES_RUNTIME_OUTBOX_OK
CRESTCREATES_HUMANTASK_RELIABLE_DELIVERY_OK
CRESTCREATES_WORKFLOW_CONDITION_AOT_OK
CRESTCREATES_WORKFLOW_ACCOUNTABILITY_ACCEPTED_BEFORE_RESTART_OK
CRESTCREATES_POSTGRES_AUDIT_SINK_DUPLICATE_AFTER_RESTART_OK
CRESTCREATES_WORKFLOW_ACCOUNTABILITY_RESTART_DUPLICATE_OK
CRESTCREATES_OUTBOX_TERMINAL_ALREADY_APPLIED_OK
CRESTCREATES_OUTBOX_TERMINAL_STALE_FENCE_OK
CRESTCREATES_WORKFLOW_ACCOUNTABILITY_DELIVERY_OK
CRESTCREATES_AGENTTOOL_PREDISPATCH_CW04_OK
CRESTCREATES_AGENTTOOL_PREDISPATCH_CW05_OK
CRESTCREATES_AGENTTOOL_PREDISPATCH_CW07_OK
CRESTCREATES_AGENTTOOL_PREDISPATCH_CW08_OK
CRESTCREATES_AGENTTOOL_PREDISPATCH_CW09_OK
CRESTCREATES_DURABLE_AGENT_TOOL_PREDISPATCH_OK
CRESTCREATES_DURABLE_AGENT_MEMORY_OK
